17:20:55 **** Incremental Build of configuration Debug for project Day8_Assi_2 ****
make -j4 all 
arm-none-eabi-gcc "../Core/Src/main.c" -mcpu=cortex-m4 -std=gnu11 -g3 -DDEBUG -DUSE_HAL_DRIVER -DSTM32F407xx -c -I../Core/Inc -I../Drivers/STM32F4xx_HAL_Driver/Inc -I../Drivers/STM32F4xx_HAL_Driver/Inc/Legacy -I../Drivers/CMSIS/Device/ST/STM32F4xx/Include -I../Drivers/CMSIS/Include -O0 -ffunction-sections -fdata-sections -Wall -fstack-usage -fcyclomatic-complexity -MMD -MP -MF"Core/Src/main.d" -MT"Core/Src/main.o" --specs=nano.specs -mfpu=fpv4-sp-d16 -mfloat-abi=hard -mthumb -o "Core/Src/main.o"
arm-none-eabi-gcc -o "Day8_Assi_2.elf" @"objects.list"   -mcpu=cortex-m4 -T"/home/sunbeam/Downloads/MCPI_Assignments/Day_8/Day8_Assi_2/STM32F407VGTX_FLASH.ld" --specs=nosys.specs -Wl,-Map="Day8_Assi_2.map" -Wl,--gc-sections -static --specs=nano.specs -mfpu=fpv4-sp-d16 -mfloat-abi=hard -mthumb -Wl,--start-group -lc -lm -Wl,--end-group
Finished building target: Day8_Assi_2.elf
 
arm-none-eabi-size  Day8_Assi_2.elf 
arm-none-eabi-objdump -h -S Day8_Assi_2.elf  > "Day8_Assi_2.list"
   text	   data	    bss	    dec	    hex	filename
  12416	     12	   1724	  14152	   3748	Day8_Assi_2.elf
Finished building: default.size.stdout
 
Finished building: Day8_Assi_2.list
 

17:20:55 Build Finished. 0 errors, 0 warnings. (took 389ms)

