15:42:53 **** Incremental Build of configuration Debug for project HAL_ADC_SWITCH ****
make -j4 all 
arm-none-eabi-gcc "../Core/Src/main.c" -mcpu=cortex-m4 -std=gnu11 -g3 -DDEBUG -DUSE_HAL_DRIVER -DSTM32F407xx -c -I../Core/Inc -I../Drivers/STM32F4xx_HAL_Driver/Inc -I../Drivers/STM32F4xx_HAL_Driver/Inc/Legacy -I../Drivers/CMSIS/Device/ST/STM32F4xx/Include -I../Drivers/CMSIS/Include -O0 -ffunction-sections -fdata-sections -Wall -fstack-usage -fcyclomatic-complexity -MMD -MP -MF"Core/Src/main.d" -MT"Core/Src/main.o" --specs=nano.specs -mfpu=fpv4-sp-d16 -mfloat-abi=hard -mthumb -o "Core/Src/main.o"
arm-none-eabi-gcc -o "HAL_ADC_SWITCH.elf" @"objects.list"   -mcpu=cortex-m4 -T"/home/sunbeam/STM32CUBEMX/HAL_ADC_SWITCH/STM32F407VGTX_FLASH.ld" --specs=nosys.specs -Wl,-Map="HAL_ADC_SWITCH.map" -Wl,--gc-sections -static --specs=nano.specs -mfpu=fpv4-sp-d16 -mfloat-abi=hard -mthumb -Wl,--start-group -lc -lm -Wl,--end-group
Finished building target: HAL_ADC_SWITCH.elf
 
arm-none-eabi-size  HAL_ADC_SWITCH.elf 
arm-none-eabi-objdump -h -S HAL_ADC_SWITCH.elf  > "HAL_ADC_SWITCH.list"
   text	   data	    bss	    dec	    hex	filename
  14084	     92	   2060	  16236	   3f6c	HAL_ADC_SWITCH.elf
Finished building: default.size.stdout
 
Finished building: HAL_ADC_SWITCH.list
 

15:42:53 Build Finished. 0 errors, 0 warnings. (took 369ms)

