17:01:12 **** Incremental Build of configuration Debug for project HAL_SPI_ACCEL_LED ****
make -j4 all 
arm-none-eabi-gcc "../Core/Src/main.c" -mcpu=cortex-m4 -std=gnu11 -g3 -DDEBUG -DUSE_HAL_DRIVER -DSTM32F407xx -c -I../Core/Inc -I../Drivers/STM32F4xx_HAL_Driver/Inc -I../Drivers/STM32F4xx_HAL_Driver/Inc/Legacy -I../Drivers/CMSIS/Device/ST/STM32F4xx/Include -I../Drivers/CMSIS/Include -O0 -ffunction-sections -fdata-sections -Wall -fstack-usage -fcyclomatic-complexity -MMD -MP -MF"Core/Src/main.d" -MT"Core/Src/main.o" --specs=nano.specs -mfpu=fpv4-sp-d16 -mfloat-abi=hard -mthumb -o "Core/Src/main.o"
arm-none-eabi-gcc -o "HAL_SPI_ACCEL_LED.elf" @"objects.list"   -mcpu=cortex-m4 -T"/home/sunbeam/STM32CUBEMX/HAL_SPI_ACCEL_LED/STM32F407VGTX_FLASH.ld" --specs=nosys.specs -Wl,-Map="HAL_SPI_ACCEL_LED.map" -Wl,--gc-sections -static --specs=nano.specs -mfpu=fpv4-sp-d16 -mfloat-abi=hard -mthumb -Wl,--start-group -lc -lm -Wl,--end-group
Finished building target: HAL_SPI_ACCEL_LED.elf
 
arm-none-eabi-size  HAL_SPI_ACCEL_LED.elf 
arm-none-eabi-objdump -h -S HAL_SPI_ACCEL_LED.elf  > "HAL_SPI_ACCEL_LED.list"
   text	   data	    bss	    dec	    hex	filename
  14960	     92	   2060	  17112	   42d8	HAL_SPI_ACCEL_LED.elf
Finished building: default.size.stdout
 
Finished building: HAL_SPI_ACCEL_LED.list
 

17:01:12 Build Finished. 0 errors, 0 warnings. (took 425ms)

