13:06:52 **** Incremental Build of configuration Debug for project SWITCH_LED ****
make -j4 all 
arm-none-eabi-gcc "../Src/main.c" -mcpu=cortex-m4 -std=gnu11 -g3 -DDEBUG -DSTM32 -DSTM32F407G_DISC1 -DSTM32F4 -DSTM32F407VGTx -c -I../Inc -O0 -ffunction-sections -fdata-sections -Wall -fstack-usage -fcyclomatic-complexity -MMD -MP -MF"Src/main.d" -MT"Src/main.o" --specs=nano.specs -mfpu=fpv4-sp-d16 -mfloat-abi=soft -mthumb -o "Src/main.o"
arm-none-eabi-gcc -o "SWITCH_LED.elf" @"objects.list"   -mcpu=cortex-m4 -T"/home/sunbeam/Desktop/MCPI_ASS/MCPI_Assignments/Assignemt_01/SWITCH_LED/STM32F407VGTX_FLASH.ld" --specs=nosys.specs -Wl,-Map="SWITCH_LED.map" -Wl,--gc-sections -static --specs=nano.specs -mfpu=fpv4-sp-d16 -mfloat-abi=soft -mthumb -Wl,--start-group -lc -lm -Wl,--end-group
Finished building target: SWITCH_LED.elf
 
arm-none-eabi-size  SWITCH_LED.elf 
arm-none-eabi-objdump -h -S SWITCH_LED.elf  > "SWITCH_LED.list"
   text	   data	    bss	    dec	    hex	filename
   1460	      0	   1568	   3028	    bd4	SWITCH_LED.elf
Finished building: default.size.stdout
 
Finished building: SWITCH_LED.list
 

13:06:53 Build Finished. 0 errors, 0 warnings. (took 615ms)

