10:54:36 **** Incremental Build of configuration Debug for project Toggle_LED_Sequence ****
make -j4 all 
arm-none-eabi-gcc "../Src/main.c" -mcpu=cortex-m4 -std=gnu11 -g3 -DDEBUG -DSTM32 -DSTM32F407G_DISC1 -DSTM32F4 -DSTM32F407VGTx -c -I../Inc -O0 -ffunction-sections -fdata-sections -Wall -fstack-usage -fcyclomatic-complexity -MMD -MP -MF"Src/main.d" -MT"Src/main.o" --specs=nano.specs -mfpu=fpv4-sp-d16 -mfloat-abi=soft -mthumb -o "Src/main.o"
arm-none-eabi-gcc -o "Toggle_LED_Sequence.elf" @"objects.list"   -mcpu=cortex-m4 -T"/home/sunbeam/Desktop/MCPI_ASS/MCPI_Assignments/Assignemt_01/Toggle_LED_Sequence/STM32F407VGTX_FLASH.ld" --specs=nosys.specs -Wl,-Map="Toggle_LED_Sequence.map" -Wl,--gc-sections -static --specs=nano.specs -mfpu=fpv4-sp-d16 -mfloat-abi=soft -mthumb -Wl,--start-group -lc -lm -Wl,--end-group
Finished building target: Toggle_LED_Sequence.elf
 
arm-none-eabi-size  Toggle_LED_Sequence.elf 
arm-none-eabi-objdump -h -S Toggle_LED_Sequence.elf  > "Toggle_LED_Sequence.list"
   text	   data	    bss	    dec	    hex	filename
   1220	      0	   1568	   2788	    ae4	Toggle_LED_Sequence.elf
Finished building: default.size.stdout
 
Finished building: Toggle_LED_Sequence.list
 

10:54:36 Build Finished. 0 errors, 0 warnings. (took 276ms)

