11:30:16 **** Incremental Build of configuration Debug for project ToggleLED_1sec ****
make -j4 all 
arm-none-eabi-gcc "../Src/led.c" -mcpu=cortex-m4 -std=gnu11 -g3 -DDEBUG -DSTM32 -DSTM32F407G_DISC1 -DSTM32F4 -DSTM32F407VGTx -c -I../Inc -O0 -ffunction-sections -fdata-sections -Wall -fstack-usage -fcyclomatic-complexity -MMD -MP -MF"Src/led.d" -MT"Src/led.o" --specs=nano.specs -mfpu=fpv4-sp-d16 -mfloat-abi=soft -mthumb -o "Src/led.o"
arm-none-eabi-gcc -o "ToggleLED_1sec.elf" @"objects.list"   -mcpu=cortex-m4 -T"/home/sunbeam/Desktop/MCPI_ASS/MCPI_Assignments/Assignemt_01/ToggleLED_1sc/STM32F407VGTX_FLASH.ld" --specs=nosys.specs -Wl,-Map="ToggleLED_1sec.map" -Wl,--gc-sections -static --specs=nano.specs -mfpu=fpv4-sp-d16 -mfloat-abi=soft -mthumb -Wl,--start-group -lc -lm -Wl,--end-group
Finished building target: ToggleLED_1sec.elf
 
arm-none-eabi-size  ToggleLED_1sec.elf 
arm-none-eabi-objdump -h -S ToggleLED_1sec.elf  > "ToggleLED_1sec.list"
   text	   data	    bss	    dec	    hex	filename
   1120	      0	   1568	   2688	    a80	ToggleLED_1sec.elf
Finished building: default.size.stdout
 
Finished building: ToggleLED_1sec.list
 

11:30:17 Build Finished. 0 errors, 0 warnings. (took 338ms)

